value=a, text=a, type=VAR
value=-, text=-, type=MINUS
value=123, text=123, type=INT
value=*, text=*, type=MUL
value=5, text=5, type=INT
