value===, text===, type=EQ
value=/, text=/, type=DIV
value=+, text=+, type=PLUS
value=-, text=-, type=MINUS
value=*, text=*, type=MUL
value=*=, text=*=, type=MUL_ASSIGN
value=/=, text=/=, type=DIV_ASSIGN
value=&&, text=&&, type=AND
value=||, text=||, type=OR
value=++, text=++, type=INC
value=--, text=--, type=DEC
value=~, text=~, type=NOT_B
value=^, text=^, type=XOR
