value=>=, text=>=, type=GE
value=<=, text=<=, type=LE
value=>>=, text=>>=, type=SHR_ASSIGN
value=<<=, text=<<=, type=SHL_ASSIGN
value=>>, text=>>, type=SHR
value=<<, text=<<, type=SHL
value=!=, text=!=, type=NE
value=!, text=!, type=NOT

