value={, text={, type=L_BRACE
value=[, text=[, type=L_BRAKET
value=], text=], type=R_BRAKET
value=(, text=(, type=L_PARENTHESIS
value=), text=), type=R_PARENTHESIS
value=., text=., type=POINT
value=,, text=,, type=COMMA
value=;, text=;, type=SEMICOLON
value=%, text=%, type=MOD
value=%=, text=%=, type=MOD_ASSIGN
value=}, text=}, type=R_BRACE
