value=for, text=for, type=KEY_WORD
value=(, text=(, type=L_PARENTHESIS
value=int, text=int, type=KEY_WORD
value=i, text=i, type=VAR
value==, text==, type=ASSIGN
value=0, text=0, type=INT
value=;, text=;, type=SEMICOLON
value=i, text=i, type=VAR
value=<, text=<, type=LT
value=n, text=n, type=VAR
value=;, text=;, type=SEMICOLON
value=++, text=++, type=INC
value=i, text=i, type=VAR
value=), text=), type=R_PARENTHESIS
