Token{value=char, text=char, type=KEY_WORD}
Token{value=*, text=*, type=MUL}
Token{value=c, text=c, type=VAR}
Token{value==, text==, type=ASSIGN}
Incorrect token on 1 line, 6 pos: Uunclosed string const
