value=switch, text=switch, type=VAR
value=(, text=(, type=L_PARENTHESIS
value=k, text=k, type=VAR
value=), text=), type=R_PARENTHESIS
value={, text={, type=L_BRACE
value=case, text=case, type=VAR
value=1, text=1, type=INT
value=:, text=:, type=COLON
value={, text={, type=L_BRACE
Incorrect token on 6 line, 6 pos: Unclosed multiline comment