value=a, text=a, type=VAR
value=a, text=a, type=VAR
value=a, text=a, type=VAR
value=a, text=a, type=VAR
value=a, text=a, type=VAR
value=a, text=a, type=VAR
value=int, text=int, type=KEY_WORD
value=*, text=*, type=MUL
value=it, text=it, type=VAR
value==, text==, type=ASSIGN
value=4, text=4, type=INT
value=;, text=;, type=SEMICOLON