value=int, text=int, type=KEY_WORD
value=main, text=main, type=VAR
value=(, text=(, type=L_PARENTHESIS
value=), text=), type=R_PARENTHESIS
value={, text={, type=L_BRACE
value=int, text=int, type=KEY_WORD
value=a, text=a, type=VAR
value=[, text=[, type=L_BRAKET
value=100, text=100, type=INT
value=], text=], type=R_BRAKET
value==, text==, type=ASSIGN
value={, text={, type=L_BRACE
value=0, text=0, type=INT
value=}, text=}, type=R_BRACE
value=;, text=;, type=SEMICOLON
value=int, text=int, type=KEY_WORD
value=n, text=n, type=VAR
value==, text==, type=ASSIGN
value=0, text=0, type=INT
value=;, text=;, type=SEMICOLON
value=scanf, text=scanf, type=VAR
value=(, text=(, type=L_PARENTHESIS
value=%d, text="%d", type=STRING
value=,, text=,, type=COMMA
value=&, text=&, type=AND_B
value=n, text=n, type=VAR
value=), text=), type=R_PARENTHESIS
value=;, text=;, type=SEMICOLON
value=for, text=for, type=KEY_WORD
value=(, text=(, type=L_PARENTHESIS
value=int, text=int, type=KEY_WORD
value=i, text=i, type=VAR
value==, text==, type=ASSIGN
value=0, text=0, type=INT
value=;, text=;, type=SEMICOLON
value=i, text=i, type=VAR
value=<, text=<, type=LT
value=n, text=n, type=VAR
value=;, text=;, type=SEMICOLON
value=++, text=++, type=INC
value=i, text=i, type=VAR
value=), text=), type=R_PARENTHESIS
value=scanf, text=scanf, type=VAR
value=(, text=(, type=L_PARENTHESIS
value=%d, text="%d", type=STRING
value=,, text=,, type=COMMA
value=&, text=&, type=AND_B
value=a, text=a, type=VAR
value=[, text=[, type=L_BRAKET
value=i, text=i, type=VAR
value=], text=], type=R_BRAKET
value=), text=), type=R_PARENTHESIS
value=;, text=;, type=SEMICOLON
value=for, text=for, type=KEY_WORD
value=(, text=(, type=L_PARENTHESIS
value=int, text=int, type=KEY_WORD
value=i, text=i, type=VAR
value==, text==, type=ASSIGN
value=0, text=0, type=INT
value=;, text=;, type=SEMICOLON
value=i, text=i, type=VAR
value=<, text=<, type=LT
value=n, text=n, type=VAR
value=;, text=;, type=SEMICOLON
value=++, text=++, type=INC
value=i, text=i, type=VAR
value=), text=), type=R_PARENTHESIS
value=for, text=for, type=KEY_WORD
value=(, text=(, type=L_PARENTHESIS
value=int, text=int, type=KEY_WORD
value=j, text=j, type=VAR
value==, text==, type=ASSIGN
value=0, text=0, type=INT
value=;, text=;, type=SEMICOLON
value=j, text=j, type=VAR
value=<, text=<, type=LT
value=n, text=n, type=VAR
value=;, text=;, type=SEMICOLON
value=++, text=++, type=INC
value=j, text=j, type=VAR
value=), text=), type=R_PARENTHESIS
value=swap, text=swap, type=VAR
value=(, text=(, type=L_PARENTHESIS
value=a, text=a, type=VAR
value=[, text=[, type=L_BRAKET
value=i, text=i, type=VAR
value=], text=], type=R_BRAKET
value=,, text=,, type=COMMA
value=a, text=a, type=VAR
value=[, text=[, type=L_BRAKET
value=j, text=j, type=VAR
value=], text=], type=R_BRAKET
value=), text=), type=R_PARENTHESIS
value=;, text=;, type=SEMICOLON
value=for, text=for, type=KEY_WORD
value=(, text=(, type=L_PARENTHESIS
value=int, text=int, type=KEY_WORD
value=i, text=i, type=VAR
value==, text==, type=ASSIGN
value=0, text=0, type=INT
value=;, text=;, type=SEMICOLON
value=i, text=i, type=VAR
value=<, text=<, type=LT
value=n, text=n, type=VAR
value=;, text=;, type=SEMICOLON
value=++, text=++, type=INC
value=i, text=i, type=VAR
value=), text=), type=R_PARENTHESIS
value=printf, text=printf, type=VAR
value=(, text=(, type=L_PARENTHESIS
value=%d, text="%d", type=STRING
value=,, text=,, type=COMMA
value=a, text=a, type=VAR
value=[, text=[, type=L_BRAKET
value=i, text=i, type=VAR
value=], text=], type=R_BRAKET
value=), text=), type=R_PARENTHESIS
value=;, text=;, type=SEMICOLON
value=}, text=}, type=R_BRACE

