Token{value="	   \\", text="	   \\", type=STRING}