value=a, text=a, type=VAR
value=b, text=b, type=VAR
