value=a, text=a, type=VAR
value=/, text=/, type=DIV
value=*, text=*, type=MUL