Incorrect token on 1 line, 1 pos: Incorrect number