Token{value=0.2, text=n10, type=INT}
Token{value=3.6, text=n10, type=INT}
Token{value=0.00666, text=n10, type=INT}
Token{value=1.23E7, text=n10, type=INT}
