( , )
	( left ++ )
		( a )
	( , )
		( left -- )
			( a )
		( , )
			( -> )
				( a )
				( b )
			( . )
				( a )
				( c )
