( , )
	( [] )
		( a )
		( 0 )
	( , )
		( [] )
			( a )
			( + )
				( 2 )
				( i )
		( [] )
			( [] )
				( a )
				( i )
			( j )
