( , )
	( args )
		( a )
		( 0 )
	( , )
		( args )
			( a )
			( ! )
		( , )
			( args )
				( args )
					( a )
					( h )
				( 7 )
			( args )
				( call )