( , )
	( ! )
		( 4 )
	( , )
		( & )
			( a )
		( , )
			( ~ )
				( b )
			( , )
				( * )
					( c )
				( , )
					( + )
						( 4 )
					( - )
						( 127 )
