Parse error on 1 line, 2 pos: Excpected primary expr
