Parse error on 1 line, 5 pos: Excpected primary expr
