Parse error on 1 line, 2 pos: Expected identifier
