Parse error on 1 line, 1 pos: Excpected primary expr
