Parse error on 1 line, 4 pos: Expected identifier
