Parse error on 1 line, 3 pos: Excpected primary expr
