( / )
	( / )
		( / )
			( 1 )
			( left ++ )
				( b )
		( 3 )
	( 4 )
